[html.awaikenthemes.com/wexico/index.html]
[backblue.gif]
[fade.gif]
[index.html]
[html.awaikenthemes.com/wexico/images/favicon.png]
[html.awaikenthemes.com/wexico/css/bootstrap.min.css]
[html.awaikenthemes.com/wexico/css/slicknav.min.css]
[html.awaikenthemes.com/wexico/css/swiper-bundle.min.css]
[html.awaikenthemes.com/wexico/css/all.css]
[html.awaikenthemes.com/wexico/css/animate.css]
[html.awaikenthemes.com/wexico/css/magnific-popup.css]
[html.awaikenthemes.com/wexico/css/custom.css]
[html.awaikenthemes.com/wexico/images/loader.svg]
[html.awaikenthemes.com/wexico/images/logo.svg]
[html.awaikenthemes.com/wexico/index-2.html]
[html.awaikenthemes.com/wexico/about.html]
[html.awaikenthemes.com/wexico/services.html]
[html.awaikenthemes.com/wexico/blog.html]
[html.awaikenthemes.com/wexico/contact.html]
[html.awaikenthemes.com/wexico/service-single.html]
[html.awaikenthemes.com/wexico/blog-single.html]
[html.awaikenthemes.com/wexico/team.html]
[html.awaikenthemes.com/wexico/pricing.html]
[html.awaikenthemes.com/wexico/faqs.html]
[html.awaikenthemes.com/wexico/404.html]
[html.awaikenthemes.com/wexico/images/hero-img.png]
[html.awaikenthemes.com/wexico/images/about-us-img.jpg]
[html.awaikenthemes.com/wexico/images/icon-about-company-1.svg]
[html.awaikenthemes.com/wexico/images/icon-about-company-2.svg]
[html.awaikenthemes.com/wexico/images/icon-about-company-3.svg]
[html.awaikenthemes.com/wexico/images/service-img-1.jpg]
[html.awaikenthemes.com/wexico/images/service-img-2.jpg]
[html.awaikenthemes.com/wexico/images/service-img-3.jpg]
[html.awaikenthemes.com/wexico/images/counter-img-1.jpg]
[html.awaikenthemes.com/wexico/images/counter-img-2.jpg]
[html.awaikenthemes.com/wexico/images/counter-img-3.jpg]
[html.awaikenthemes.com/wexico/images/why-choose-us-img.jpg]
[html.awaikenthemes.com/wexico/images/icon-why-choose-1.svg]
[html.awaikenthemes.com/wexico/images/icon-why-choose-2.svg]
[html.awaikenthemes.com/wexico/images/icon-why-choose-3.svg]
[html.awaikenthemes.com/wexico/images/employee-img.png]
[html.awaikenthemes.com/wexico/images/icon-help-1.svg]
[html.awaikenthemes.com/wexico/images/icon-help-2.svg]
[html.awaikenthemes.com/wexico/images/icon-help-3.svg]
[html.awaikenthemes.com/wexico/images/icon-help-4.svg]
[html.awaikenthemes.com/wexico/images/icon-help-5.svg]
[html.awaikenthemes.com/wexico/images/icon-pricing-1.svg]
[html.awaikenthemes.com/wexico/images/icon-pricing-2.svg]
[html.awaikenthemes.com/wexico/images/icon-pricing-3.svg]
[html.awaikenthemes.com/wexico/images/author-1.jpg]
[html.awaikenthemes.com/wexico/images/author-2.jpg]
[html.awaikenthemes.com/wexico/images/author-3.jpg]
[html.awaikenthemes.com/wexico/images/post-1.jpg]
[html.awaikenthemes.com/wexico/images/post-2.jpg]
[html.awaikenthemes.com/wexico/images/post-3.jpg]
[html.awaikenthemes.com/wexico/images/footer-logo.svg]
[html.awaikenthemes.com/wexico/js/jquery-3.7.1.min.js]
[html.awaikenthemes.com/wexico/js/bootstrap.min.js]
[html.awaikenthemes.com/wexico/js/validator.min.js]
[html.awaikenthemes.com/wexico/js/jquery.slicknav.js]
[html.awaikenthemes.com/wexico/js/swiper-bundle.min.js]
[html.awaikenthemes.com/wexico/js/jquery.waypoints.min.js]
[html.awaikenthemes.com/wexico/js/jquery.counterup.min.js]
[html.awaikenthemes.com/wexico/js/jquery.magnific-popup.min.js]
[html.awaikenthemes.com/wexico/js/SmoothScroll.js]
[html.awaikenthemes.com/wexico/js/gsap.min.js]
[html.awaikenthemes.com/wexico/js/magiccursor.js]
[html.awaikenthemes.com/wexico/js/SplitText.js]
[html.awaikenthemes.com/wexico/js/ScrollTrigger.min.js]
[html.awaikenthemes.com/wexico/js/wow.js]
[html.awaikenthemes.com/wexico/js/function.js]
[html.awaikenthemes.com/wexico/index.html]
[html.awaikenthemes.com/wexico/css/bootstrap.min.css]
[html.awaikenthemes.com/wexico/css/slicknav.min.css]
[html.awaikenthemes.com/wexico/css/swiper-bundle.min.css]
[demo.awaikenthemes.com/assets/js/theme-panel.js]
[html.awaikenthemes.com/wexico/webfonts/fa-brands-400.woff2]
[html.awaikenthemes.com/wexico/webfonts/fa-regular-400.woff2]
[html.awaikenthemes.com/wexico/webfonts/fa-regular-400.ttf]
[html.awaikenthemes.com/wexico/webfonts/fa-brands-400.ttf]
[html.awaikenthemes.com/wexico/webfonts/fa-solid-900.woff2]
[html.awaikenthemes.com/wexico/webfonts/fa-v4compatibility.woff2]
[html.awaikenthemes.com/wexico/webfonts/fa-solid-900.ttf]
[html.awaikenthemes.com/wexico/css/all.css]
[html.awaikenthemes.com/wexico/css/animate.css]
[html.awaikenthemes.com/wexico/css/magnific-popup.css]
[html.awaikenthemes.com/wexico/webfonts/fa-v4compatibility.ttf]
[html.awaikenthemes.com/wexico/images/arrow.svg]
[html.awaikenthemes.com/wexico/images/arrow-white.svg]
[html.awaikenthemes.com/wexico/images/icon-section-bg.svg]
[html.awaikenthemes.com/wexico/css/custom.css]
[html.awaikenthemes.com/wexico/images/loader.svg]
[html.awaikenthemes.com/wexico/index-2.html]
[html.awaikenthemes.com/wexico/images/logo.svg]
[html.awaikenthemes.com/wexico/images/icon-satisfied-client-bg.svg]
[html.awaikenthemes.com/wexico/images/page-about-1.jpg]
[html.awaikenthemes.com/wexico/images/page-about-2.jpg]
[html.awaikenthemes.com/wexico/images/icon-satisfied-client.svg]
[html.awaikenthemes.com/wexico/images/icon-company-service-1.svg]
[html.awaikenthemes.com/wexico/images/icon-company-service-2.svg]
[html.awaikenthemes.com/wexico/images/icon-why-choose-4.svg]
[html.awaikenthemes.com/wexico/images/icon-why-choose-5.svg]
[html.awaikenthemes.com/wexico/images/icon-why-choose-6.svg]
[html.awaikenthemes.com/wexico/images/icon-client-logo-1.svg]
[html.awaikenthemes.com/wexico/images/icon-client-logo-2.svg]
[html.awaikenthemes.com/wexico/images/icon-client-logo-3.svg]
[html.awaikenthemes.com/wexico/images/icon-client-logo-4.svg]
[html.awaikenthemes.com/wexico/images/icon-client-logo-5.svg]
[html.awaikenthemes.com/wexico/images/icon-client-logo-6.svg]
[html.awaikenthemes.com/wexico/images/icon-client-logo-7.svg]
[html.awaikenthemes.com/wexico/images/company-planning-img.png]
[html.awaikenthemes.com/wexico/images/team-1.jpg]
[html.awaikenthemes.com/wexico/images/team-2.jpg]
[html.awaikenthemes.com/wexico/images/team-3.jpg]
[html.awaikenthemes.com/wexico/about.html]
[html.awaikenthemes.com/wexico/images/service-img-4.jpg]
[html.awaikenthemes.com/wexico/images/service-img-5.jpg]
[html.awaikenthemes.com/wexico/images/service-img-6.jpg]
[html.awaikenthemes.com/wexico/services.html]
[html.awaikenthemes.com/wexico/images/post-4.jpg]
[html.awaikenthemes.com/wexico/images/post-5.jpg]
[html.awaikenthemes.com/wexico/images/post-6.jpg]
[html.awaikenthemes.com/wexico/blog.html]
[html.awaikenthemes.com/wexico/images/location-img.jpg]
[html.awaikenthemes.com/wexico/images/icon-location.svg]
[html.awaikenthemes.com/wexico/images/email-img.jpg]
[html.awaikenthemes.com/wexico/images/icon-email.svg]
[html.awaikenthemes.com/wexico/images/phone-img.jpg]
[html.awaikenthemes.com/wexico/contact.html]
[html.awaikenthemes.com/wexico/images/icon-phone.svg]
[html.awaikenthemes.com/wexico/images/icon-service-benefits-1.svg]
[html.awaikenthemes.com/wexico/images/icon-service-benefits-2.svg]
[html.awaikenthemes.com/wexico/images/icon-service-benefits-3.svg]
[html.awaikenthemes.com/wexico/images/icon-service-benefits-4.svg]
[html.awaikenthemes.com/wexico/images/icon-service-step-1.svg]
[html.awaikenthemes.com/wexico/images/customer-benefit-img.jpg]
[html.awaikenthemes.com/wexico/images/service-cta-bg.jpg]
[html.awaikenthemes.com/wexico/service-single.html]
[html.awaikenthemes.com/wexico/blog-single.html]
[html.awaikenthemes.com/wexico/images/team-4.jpg]
[html.awaikenthemes.com/wexico/images/team-5.jpg]
[html.awaikenthemes.com/wexico/images/team-6.jpg]
[html.awaikenthemes.com/wexico/team.html]
[html.awaikenthemes.com/wexico/pricing.html]
[html.awaikenthemes.com/wexico/faqs.html]
[html.awaikenthemes.com/wexico/images/404-error-img.png]
[html.awaikenthemes.com/wexico/404.html]
[html.awaikenthemes.com/wexico/images/icon-about-company-1.svg]
[html.awaikenthemes.com/wexico/images/icon-about-company-2.svg]
[html.awaikenthemes.com/wexico/images/icon-about-company-3.svg]
[html.awaikenthemes.com/wexico/images/icon-why-choose-1.svg]
[html.awaikenthemes.com/wexico/images/icon-why-choose-2.svg]
[html.awaikenthemes.com/wexico/images/icon-why-choose-3.svg]
[html.awaikenthemes.com/wexico/images/icon-help-1.svg]
[html.awaikenthemes.com/wexico/images/icon-help-2.svg]
[html.awaikenthemes.com/wexico/images/icon-help-3.svg]
[html.awaikenthemes.com/wexico/images/icon-help-4.svg]
[html.awaikenthemes.com/wexico/images/icon-help-5.svg]
[html.awaikenthemes.com/wexico/images/icon-pricing-1.svg]
[html.awaikenthemes.com/wexico/images/icon-pricing-2.svg]
[html.awaikenthemes.com/wexico/images/icon-pricing-3.svg]
[html.awaikenthemes.com/wexico/images/footer-logo.svg]
[html.awaikenthemes.com/wexico/images/arrow.svg]
[html.awaikenthemes.com/wexico/images/arrow-white.svg]
[html.awaikenthemes.com/wexico/images/icon-section-bg.svg]
[html.awaikenthemes.com/wexico/images/icon-satisfied-client-bg.svg]
[html.awaikenthemes.com/wexico/images/icon-satisfied-client.svg]
[html.awaikenthemes.com/wexico/images/icon-company-service-1.svg]
[html.awaikenthemes.com/wexico/images/icon-company-service-2.svg]
[html.awaikenthemes.com/wexico/images/icon-why-choose-4.svg]
[html.awaikenthemes.com/wexico/images/icon-why-choose-5.svg]
[html.awaikenthemes.com/wexico/images/icon-why-choose-6.svg]
[html.awaikenthemes.com/wexico/images/icon-client-logo-1.svg]
[html.awaikenthemes.com/wexico/images/icon-client-logo-2.svg]
[html.awaikenthemes.com/wexico/images/icon-client-logo-3.svg]
[html.awaikenthemes.com/wexico/images/icon-client-logo-4.svg]
[html.awaikenthemes.com/wexico/images/icon-client-logo-5.svg]
[html.awaikenthemes.com/wexico/images/icon-client-logo-6.svg]
[html.awaikenthemes.com/wexico/images/icon-client-logo-7.svg]
[html.awaikenthemes.com/wexico/images/icon-location.svg]
[html.awaikenthemes.com/wexico/images/icon-email.svg]
[html.awaikenthemes.com/wexico/images/icon-phone.svg]
[html.awaikenthemes.com/wexico/images/icon-service-benefits-1.svg]
[html.awaikenthemes.com/wexico/images/icon-service-benefits-2.svg]
[html.awaikenthemes.com/wexico/images/icon-service-benefits-3.svg]
[html.awaikenthemes.com/wexico/images/icon-service-benefits-4.svg]
[html.awaikenthemes.com/wexico/images/icon-service-step-1.svg]
